// Jest Snapshot v1, https://goo.gl/fbAQLP

exports[`Tile renders correctly 1`] = `
<div
  className="Tile"
>
  <div
    className="Tile-Image"
  >
    <a
      href="demoUrl"
      target="_blank"
    >
      <img
        alt="name"
        src="imageUrl"
      />
    </a>
  </div>
  <div
    className="Tile-Details"
  >
    <hr
      className="divider"
    />
    <div
      className="ProjectInfo"
    >
      <h3
        className="ProjectInfo-Title"
      >
         
        name
         
      </h3>
      <p
        className="ProjectInfo-Description"
      >
        description
      </p>
    </div>
  </div>
  <div
    className="Tile-CTA"
  >
    <a
      href="demoUrl"
      target="_blank"
    >
      Demo
    </a>
    <a
      href="githubUrl"
      target="_blank"
    >
      Code
    </a>
  </div>
</div>
`;
